
> client@0.0.0 build
> vite build

[36mvite v7.3.1 [32mbuilding client environment for production...[36m[39m
transforming...
[32mΓ£ô[39m 20 modules transformed.
node.exe : 
[31mΓ£ù[39m Build 
failed in 300ms
At C:\Program Files\nod
ejs\npm.ps1:29 char:3
+   & $NODE_EXE 
$NPM_CLI_JS $args
+   ~~~~~~~~~~~~~~~~~~~
~~~~~~~~~~
    + CategoryInfo     
         : NotSpecifi  
  ed: ([31mΓ£ù[39m   
  Build failed in 3    
00ms:String) [], R    
emoteException
    + FullyQualifiedEr 
   rorId : NativeComm  
  andError
 
[31merror during 
build:
[31m[vite:esbuild] 
Transform failed with 
1 error:
C:/Users/remma/OneDrive
/Documents/GitHub/Real-
time-Chat-Application/c
lient/src/pages/Registe
rPage.jsx:166:224: 
ERROR: Unexpected 
closing "svg" tag does 
not match opening 
"motion.svg" tag[31m
file: [36mC:/Users/rem
ma/OneDrive/Documents/G
itHub/Real-time-Chat-Ap
plication/client/src/pa
ges/RegisterPage.jsx:16
6:224[31m
[33m
[33mUnexpected 
closing "svg" tag does 
not match opening 
"motion.svg" tag[33m
164 |                  
/>
165 |                  
{isMatch && (
166 |  ...0b981" stroke
Width="2"><polyline 
points="20 6 9 17 4 
12"/></svg>
    |                  
                       
                       
 ^
167 |                  
)}
168 |                
</div>
[31m
    at 
failureErrorWithLog (C:
\Users\remma\OneDrive\D
ocuments\GitHub\Real-ti
me-Chat-Application\cli
ent\node_modules\esbuil
d\lib\main.js:1467:15)
    at C:\Users\remma\O
neDrive\Documents\GitHu
b\Real-time-Chat-Applic
ation\client\node_modul
es\esbuild\lib\main.js:
736:50
    at responseCallback
s.<computed> (C:\Users\
remma\OneDrive\Document
s\GitHub\Real-time-Chat
-Application\client\nod
e_modules\esbuild\lib\m
ain.js:603:9)
    at 
handleIncomingPacket (C
:\Users\remma\OneDrive\
Documents\GitHub\Real-t
ime-Chat-Application\cl
ient\node_modules\esbui
ld\lib\main.js:658:12)
    at 
Socket.readFromStdout (
C:\Users\remma\OneDrive
\Documents\GitHub\Real-
time-Chat-Application\c
lient\node_modules\esbu
ild\lib\main.js:581:7)
    at Socket.emit 
(node:events:518:28)
    at addChunk (node:i
nternal/streams/readabl
e:561:12)
    at readableAddChunk
PushByteMode (node:inte
rnal/streams/readable:5
12:3)
    at Readable.push (n
ode:internal/streams/re
adable:392:5)
    at 
Pipe.onStreamRead (node
:internal/stream_base_c
ommons:189:23)[39m
